
LOAD MAP

TRANSFER ADDRESS: 000200
LOW LIMIT: 000200
HIGH LIMIT: 014600
**********
MODULE  SPCWAR
SECTION ENTRY   ADDRESS SIZE
<. ABS.>        000000  000000
<      >        000200  000232
        ADBR    170402
        ADCS    170400
        AMMO    000416
        ANGH1   000354
        ANGH2   000402
        ANGL1   000352
        ANGL2   000400
        ANGMID  000702
        DAC0    170412
        DAC1    170414
        DPCS    170410
        FIRE    001440
        FLAG1   000332
        FLAG2   000360
        GAME1   000422
        GAME2   000424
        GRVFLG  000426
        HIT1    000404
        HIT2    000406
        MASK    002100
        PTREP   000430
        RKTSIZ  007000
        SHOTS1  000410
        SHOTS2  000412
        SPCRST  000220
        SPCWAR  000200
        SUNSZ   004000
        TSPEED  000420
        WIN     000414
        XDISP1  000350
        XDISP2  000376
        XSIZE1  000342
        XSIZE2  000370
        XVELH1  000346
        XVELH2  000374
        XVELL1  000344
        XVELL2  000372
        YDISP1  000340
        YDISP2  000366
        YSIZE1  000330
        YSIZE2  000356
        YVELH1  000336
        YVELH2  000364
        YVELL1  000334
        YVELL2  000362
        ZAXIS   001000
**********
MODULE  FPMP11
SECTION ENTRY   ADDRESS SIZE
<      >        000432  000640
        $ERR    001234
        $ERRA   001244
        $ERVEC  001264
        $ICI    000440
        $ICO    000744
        $OCI    000432
        $OCO    000736
        $POLSH  001230
        $V20A   001230
**********
MODULE  CHAR  
SECTION ENTRY   ADDRESS SIZE
<      >        001272  000302
        CHAR    001272
**********
MODULE  CHRTAB
SECTION ENTRY   ADDRESS SIZE
<      >        001574  000606
        CHRTAB  001574
**********
MODULE  COMPAR
SECTION ENTRY   ADDRESS SIZE
<      >        002402  000444
        COMPAR  002402
**********
MODULE  EXPLOD
SECTION ENTRY   ADDRESS SIZE
<      >        003046  000330
        EXPLOD  003046
        EXPREP  003164
        EXPX    003172
        EXPY    003174
**********
MODULE  GRAVTY
SECTION ENTRY   ADDRESS SIZE
<      >        003376  000450
        GRAVTY  003376
**********
MODULE  MULPLY
SECTION ENTRY   ADDRESS SIZE
<      >        004046  000304
        MULPLY  004046
**********
MODULE  PARM  
SECTION ENTRY   ADDRESS SIZE
<      >        004352  001214
        PARM    004352
**********
MODULE  PWRUP 
SECTION ENTRY   ADDRESS SIZE
<      >        005566  000106
**********
MODULE  RESET 
SECTION ENTRY   ADDRESS SIZE
<      >        005674  000206
        CENTER  040000
        ORBIT   000400
        RESET   005674
        RES01   006062
**********
MODULE  RKT1  
SECTION ENTRY   ADDRESS SIZE
<      >        006102  000160
        RKT1    006102
**********
MODULE  RKT2  
SECTION ENTRY   ADDRESS SIZE
<      >        006262  000142
        RKT2    006262
**********
MODULE  SCORE 
SECTION ENTRY   ADDRESS SIZE
<      >        006424  000266
        SCORE   006424
**********
MODULE  SINCOS
SECTION ENTRY   ADDRESS SIZE
<      >        006712  000462
        SINCOS  006712
**********
MODULE  SLINE 
SECTION ENTRY   ADDRESS SIZE
<      >        007374  000140
        SLINE   007374
**********
MODULE  SUN   
SECTION ENTRY   ADDRESS SIZE
<      >        007534  000304
        SUN     007534
**********
MODULE  UPDAT1
SECTION ENTRY   ADDRESS SIZE
<      >        010040  000372
        UPDAT1  010040
**********
MODULE  UPDAT2
SECTION ENTRY   ADDRESS SIZE
<      >        010432  000364
        UPDAT2  010432
**********
MODULE  IOX   
SECTION ENTRY   ADDRESS SIZE
<      >        011016  002352
        IOX     011016
        VECTOR  000000
**********
MODULE  POINT 
SECTION ENTRY   ADDRESS SIZE
<      >        013370  001210
        POINT   013370
        PTNUM   013576
