
LOAD MAP

TRANSFER ADDRESS: 000001
LOW LIMIT: 025504
HIGH LIMIT: 037460
**********
MODULE  SPCWAR
SECTION ENTRY   ADDRESS SIZE
<. ABS.>        000000  000000
<      >        025504  000232
        ADBR    170402
        ADCS    170400
        AMMO    025722
        ANGH1   025660
        ANGH2   025706
        ANGL1   025656
        ANGL2   025704
        ANGMID  000702
        DAC0    170412
        DAC1    170414
        DPCS    170410
        ERASE   010000
        FIRE    001440
        FLAG1   025636
        FLAG2   025664
        GAME1   025726
        GAME2   025730
        GRVFLG  025732
        HIT1    025710
        HIT2    025712
        MASK    002100
        PTREP   025734
        RKTSIZ  007000
        SHOTS1  025714
        SHOTS2  025716
        SPCRST  025524
        SPCWAR  025504
        SUNSZ   004000
        TSPEED  025724
        WIN     025720
        XDISP1  025654
        XDISP2  025702
        XSIZE1  025646
        XSIZE2  025674
        XVELH1  025652
        XVELH2  025700
        XVELL1  025650
        XVELL2  025676
        YDISP1  025644
        YDISP2  025672
        YSIZE1  025634
        YSIZE2  025662
        YVELH1  025642
        YVELH2  025670
        YVELL1  025640
        YVELL2  025666
**********
MODULE  FPMP11
SECTION ENTRY   ADDRESS SIZE
<      >        025736  000640
        $ERR    026540
        $ERRA   026550
        $ERVEC  026570
        $ICI    025744
        $ICO    026250
        $OCI    025736
        $OCO    026242
        $POLSH  026534
        $V20A   026534
**********
MODULE  CHAR  
SECTION ENTRY   ADDRESS SIZE
<      >        026576  000272
        CHAR    026576
**********
MODULE  CHRTAB
SECTION ENTRY   ADDRESS SIZE
<      >        027070  000606
        CHRTAB  027070
**********
MODULE  COMPAR
SECTION ENTRY   ADDRESS SIZE
<      >        027676  000444
        COMPAR  027676
**********
MODULE  EXPLOD
SECTION ENTRY   ADDRESS SIZE
<      >        030342  000330
        EXPLOD  030342
        EXPREP  030460
        EXPX    030466
        EXPY    030470
**********
MODULE  GRAVTY
SECTION ENTRY   ADDRESS SIZE
<      >        030672  000450
        GRAVTY  030672
**********
MODULE  MULPLY
SECTION ENTRY   ADDRESS SIZE
<      >        031342  000304
        MULPLY  031342
**********
MODULE  PARM  
SECTION ENTRY   ADDRESS SIZE
<      >        031646  001214
        PARM    031646
**********
MODULE  PWRUP 
SECTION ENTRY   ADDRESS SIZE
<      >        033062  000106
**********
MODULE  RESET 
SECTION ENTRY   ADDRESS SIZE
<      >        033170  000206
        CENTER  040000
        ORBIT   000400
        RESET   033170
        RES01   033356
**********
MODULE  RKT1  
SECTION ENTRY   ADDRESS SIZE
<      >        033376  000160
        RKT1    033376
**********
MODULE  RKT2  
SECTION ENTRY   ADDRESS SIZE
<      >        033556  000142
        RKT2    033556
**********
MODULE  SCORE 
SECTION ENTRY   ADDRESS SIZE
<      >        033720  000266
        SCORE   033720
**********
MODULE  SINCOS
SECTION ENTRY   ADDRESS SIZE
<      >        034206  000462
        SINCOS  034206
**********
MODULE  SLINE 
SECTION ENTRY   ADDRESS SIZE
<      >        034670  000130
        SLINE   034670
**********
MODULE  SUN   
SECTION ENTRY   ADDRESS SIZE
<      >        035020  000304
        SUN     035020
**********
MODULE  UPDAT1
SECTION ENTRY   ADDRESS SIZE
<      >        035324  000356
        UPDAT1  035324
**********
MODULE  UPDAT2
SECTION ENTRY   ADDRESS SIZE
<      >        035702  000356
        UPDAT2  035702
**********
MODULE  POINT 
SECTION ENTRY   ADDRESS SIZE
<      >        036260  001200
        POINT   036260
        PTNUM   036456
