
LOAD MAP

TRANSFER ADDRESS: 001000
LOW LIMIT: 001000
HIGH LIMIT: 015406
**********
MODULE  SPCWAR
SECTION ENTRY   ADDRESS SIZE
<. ABS.>        000000  000000
<      >        001000  000232
        ADBR    170402
        ADCS    170400
        AMMO    001216
        ANGH1   001154
        ANGH2   001202
        ANGL1   001152
        ANGL2   001200
        ANGMID  000702
        DAC0    170412
        DAC1    170414
        DPCS    170410
        FIRE    001440
        FLAG1   001132
        FLAG2   001160
        GAME1   001222
        GAME2   001224
        GRVFLG  001226
        HIT1    001204
        HIT2    001206
        MASK    002100
        PTREP   001230
        RKTSIZ  007000
        SHOTS1  001210
        SHOTS2  001212
        SPCRST  001020
        SPCWAR  001000
        SUNSZ   004000
        TSPEED  001220
        WIN     001214
        XDISP1  001150
        XDISP2  001176
        XSIZE1  001142
        XSIZE2  001170
        XVELH1  001146
        XVELH2  001174
        XVELL1  001144
        XVELL2  001172
        YDISP1  001140
        YDISP2  001166
        YSIZE1  001130
        YSIZE2  001156
        YVELH1  001136
        YVELH2  001164
        YVELL1  001134
        YVELL2  001162
        ZAXIS   001000
**********
MODULE  FPMP11
SECTION ENTRY   ADDRESS SIZE
<      >        001232  000640
        $ERR    002034
        $ERRA   002044
        $ERVEC  002064
        $ICI    001240
        $ICO    001544
        $OCI    001232
        $OCO    001536
        $POLSH  002030
        $V20A   002030
**********
MODULE  CHAR  
SECTION ENTRY   ADDRESS SIZE
<      >        002072  000302
        CHAR    002072
**********
MODULE  CHRTAB
SECTION ENTRY   ADDRESS SIZE
<      >        002374  000606
        CHRTAB  002374
**********
MODULE  COMPAR
SECTION ENTRY   ADDRESS SIZE
<      >        003202  000444
        COMPAR  003202
**********
MODULE  EXPLOD
SECTION ENTRY   ADDRESS SIZE
<      >        003646  000330
        EXPLOD  003646
        EXPREP  003764
        EXPX    003772
        EXPY    003774
**********
MODULE  GRAVTY
SECTION ENTRY   ADDRESS SIZE
<      >        004176  000450
        GRAVTY  004176
**********
MODULE  MULPLY
SECTION ENTRY   ADDRESS SIZE
<      >        004646  000304
        MULPLY  004646
**********
MODULE  PARM  
SECTION ENTRY   ADDRESS SIZE
<      >        005152  001222
        PARM    005152
**********
MODULE  PWRUP 
SECTION ENTRY   ADDRESS SIZE
<      >        006374  000106
**********
MODULE  RESET 
SECTION ENTRY   ADDRESS SIZE
<      >        006502  000206
        CENTER  040000
        ORBIT   000400
        RESET   006502
        RES01   006670
**********
MODULE  RKT1  
SECTION ENTRY   ADDRESS SIZE
<      >        006710  000160
        RKT1    006710
**********
MODULE  RKT2  
SECTION ENTRY   ADDRESS SIZE
<      >        007070  000142
        RKT2    007070
**********
MODULE  SCORE 
SECTION ENTRY   ADDRESS SIZE
<      >        007232  000266
        SCORE   007232
**********
MODULE  SINCOS
SECTION ENTRY   ADDRESS SIZE
<      >        007520  000462
        SINCOS  007520
**********
MODULE  SLINE 
SECTION ENTRY   ADDRESS SIZE
<      >        010202  000140
        SLINE   010202
**********
MODULE  SUN   
SECTION ENTRY   ADDRESS SIZE
<      >        010342  000304
        SUN     010342
**********
MODULE  UPDAT1
SECTION ENTRY   ADDRESS SIZE
<      >        010646  000372
        UPDAT1  010646
**********
MODULE  UPDAT2
SECTION ENTRY   ADDRESS SIZE
<      >        011240  000364
        UPDAT2  011240
**********
MODULE  IOX   
SECTION ENTRY   ADDRESS SIZE
<      >        011624  002352
        IOX     011624
        VECTOR  000000
**********
MODULE  POINT 
SECTION ENTRY   ADDRESS SIZE
<      >        014176  001210
        POINT   014176
        PTNUM   014404
